// 重构日志: cce38f66
// 重构日志: 4dd2a826
// 重构日志: 29afca76
// 同步 ID: cfd57f82 @ Sun Jul 19 14:22:09 UTC 2026
// 重构日志: fcd37117
// 重构日志: 344e925a
// 重构日志: a4ae297b
// 同步 ID: 275a723e @ Tue Jul 21 07:35:12 UTC 2026
// 重构日志: 56132038
// 同步 ID: 97ebce1c @ Wed Jul 22 10:12:20 UTC 2026
// 重构日志: dbc09b92
// 同步 ID: 03e3d95a @ Wed Jul 22 16:27:42 UTC 2026
// 同步 ID: 4be2ee37 @ Thu Jul 23 07:25:51 UTC 2026
// 同步 ID: a51a2149 @ Thu Jul 23 17:26:33 UTC 2026
// 同步 ID: 76798de8 @ Fri Jul 24 05:32:23 UTC 2026
// 重构日志: e27b5f12
// 同步 ID: e4dd39ff @ Sat Jul 25 00:01:26 UTC 2026
// 同步 ID: 35f08903 @ Sat Jul 25 02:39:31 UTC 2026
// 重构日志: 15ba2bee
// 同步 ID: b259ca33 @ Sat Jul 25 18:28:50 UTC 2026
// 同步 ID: 4c20906d @ Sun Jul 26 05:17:19 UTC 2026
// 重构日志: 81b30e6e
// 同步 ID: a4f5aef3 @ Sun Jul 26 22:02:42 UTC 2026
// 同步 ID: 622b4c18 @ Mon Jul 27 12:56:10 UTC 2026
// 同步 ID: a8eda729 @ Mon Jul 27 16:01:08 UTC 2026
// 重构日志: 649fe3f8
// 重构日志: 1a213a83
// 重构日志: 552d10f8
// 重构日志: f330979e
// 同步 ID: 7e14844a @ Thu Jul 30 10:12:49 UTC 2026
// 重构日志: 7814fd17
// 重构日志: 45c36963
// 重构日志: 74b1f9c7
// 重构日志: 6087a750
